Microsoft (R) Macro Assembler Version 14.29.30158.0	    03/14/25 06:09:21
*Temp List Reverser     (Proj6_pereze4.asm		     Page 1 - 1


				TITLE Temp List Reverser     (Proj6_pereze4.asm)

				; Author: Eduardo Perez
				; Last Modified: March 16, 2025
				; OSU email address: pereze4@oregonstate.edu
				; Course number/section:   CS271 Section 400
				; Project Number: 6               Due Date: March 16, 2025
				; Description: This program loads a text file. The file contains Temperature values, each separated by a delimiter.
				; Each Temperature values are extracted, converted to it's integer value format, and then stored in an array.
				; The values are then displayed in reverse order as they are stored.

				INCLUDE Irvine32.inc
			      C ; Include file for Irvine32.lib             (Irvine32.inc)
			      C 
			      C ;OPTION CASEMAP:NONE		; optional: make identifiers case-sensitive
			      C 
			      C INCLUDE SmallWin.inc		; MS-Windows prototypes, structures, and constants
			      C .NOLIST
			      C .LIST
			      C 
			      C INCLUDE VirtualKeys.inc
			      C ; VirtualKeys.inc
			      C .NOLIST
			      C .LIST
			      C 
			      C 
			      C .NOLIST
			      C .LIST
			      C 



				;=================================
				; Macros

				;=================================================================================
				; Description:
				; Parameters:
				; Local Variables:
				; Registers used:
				mGetString MACRO str_Message, buffer, bufferSize, fileByteSize
				    PUSH    EAX
				    PUSH    ECX
				    PUSH    EDX
				    ; Display prompt message
				    MOV EDX, OFFSET str_Message
				    CALL WriteString  
				    
				    ; Get user input
				    MOV EDX, OFFSET buffer
				    MOV ECX, bufferSize
				    CALL ReadString  

				    ; Store number of bytes read
				    MOV fileByteSize, EAX

				    POP     EDX
				    POP     ECX
				    POP     EAX
				ENDM

				mDisplayString MACRO str_Message
				    PUSH    EDX

				    MOV     EDX, OFFSET str_Message
				    CALL    WriteString

				    POP     EDX
				ENDM


				mDisplayChar MACRO charValue
				    PUSH EAX
				    
				    MOV AL, charValue
				    CALL WriteChar

				    POP EAX
				ENDM



				;=================================
				; Global Variables
 = 00000018			TEMPS_PER_DAY = 24
 = 0000003B			DELIMITER   EQU 3Bh


 00000000			.data

 00000000 47 69 76 65 20	str_MsgPromptFileName           BYTE    "Give the name of file containing the Temperature Readings: ", 0
	   74 68 65 20 6E
	   61 6D 65 20 6F
	   66 20 66 69 6C
	   65 20 63 6F 6E
	   74 61 69 6E 69
	   6E 67 20 74 68
	   65 20 54 65 6D
	   70 65 72 61 74
	   75 72 65 20 52
	   65 61 64 69 6E
	   67 73 3A 20 00


 0000003C  00000064 [		str_NameOfFile                  BYTE    100 DUP(0)                  ; Memory buffer for file name
	    00
	   ]
 000000A0  000003E8 [		file_TempReadings               BYTE    1000 DUP(255)               ; Memory buffer for file containing the temperature readings
	    FF
	   ]
				                  
 00000488 00000063		int_BufferSizeFileName          DWORD   99
 0000048C 00000000		int_LenNameOfFile               DWORD   ?                           ; Stores the number of bytes read
 00000490 000003E7		int_BufferSizeTemperatureFile   DWORD   999

 00000494 54 68 65 20 6E	str_MsgNumberofRows             BYTE    "The number of rows: ", 0
	   75 6D 62 65 72
	   20 6F 66 20 72
	   6F 77 73 3A 20
	   00
 000004A9 54 68 65 20 6E	str_MsgNumberofColumns          BYTE    "The number of columns: ", 0
	   75 6D 62 65 72
	   20 6F 66 20 63
	   6F 6C 75 6D 6E
	   73 3A 20 00

				;arr_TempMatrix                  DWORD   300 DUP(1), 0FFFFFFFFh


 00000000			.code
 00000000			main PROC

				    ;=================================
				    ; Get File name
				    mGetString str_MsgPromptFileName, str_NameOfFile, int_BufferSizeFileName, int_LenNameOfFile
 00000000  50		     1	    PUSH    EAX
 00000001  51		     1	    PUSH    ECX
 00000002  52		     1	    PUSH    EDX
 00000003  BA 00000000 R     1	    MOV EDX, OFFSET str_MsgPromptFileName
 00000008  E8 00000000 E     1	    CALL WriteString  
 0000000D  BA 0000003C R     1	    MOV EDX, OFFSET str_NameOfFile
 00000012  8B 0D 00000488 R  1	    MOV ECX, int_BufferSizeFileName
 00000018  E8 00000000 E     1	    CALL ReadString  
 0000001D  A3 0000048C R     1	    MOV int_LenNameOfFile, EAX
 00000022  5A		     1	    POP     EDX
 00000023  59		     1	    POP     ECX
 00000024  58		     1	    POP     EAX
				    mDisplayString str_NameOfFile
 00000025  52		     1	    PUSH    EDX
 00000026  BA 0000003C R     1	    MOV     EDX, OFFSET str_NameOfFile
 0000002B  E8 00000000 E     1	    CALL    WriteString
 00000030  5A		     1	    POP     EDX


				    ;=================================
				    ; Open File
 00000031  BA 0000003C R	    MOV     EDX, OFFSET str_NameOfFile
 00000036  E8 00000000 E	    CALL    OpenInputFile

 0000003B  8B 0D 00000490 R	    MOV     ECX, int_BufferSizeTemperatureFile
 00000041  BA 000000A0 R	    MOV     EDX, OFFSET file_TempReadings
 00000046  E8 00000000 E	    CALL    ReadFromFile

				    ;=================================
 0000004B  68 000000A0 R	    PUSH    OFFSET file_TempReadings
 00000050  E8 00000007		    CALL    ParseTempsFromString




					Invoke ExitProcess,0	; exit to operating system
 00000055  6A 00	   *	    push   +000000000h
 00000057  E8 00000000 E   *	    call   ExitProcess
 0000005C			main ENDP



				; ==========================================================================================================================
				; Extracts temperature readings, in string delimited format, from memory. Then saves the readings in an arrary as integers
				; receives: Address of the Temperature array
				; returns:
				; preconditions: passed address references of array
				; postconditions: values saved in array
				; registers changed: none
				; ==========================================================================================================================
 0000005C			ParseTempsFromString PROC
				    LOCAL   arr_TempMatrix[200]:DWORD, str_CurntTemp[5]:BYTE, int_Len_Str_CrntTemp:DWORD, int_Sign:DWORD, int_RowIndex:DWORD, int_ColIndex:DWORD, int_CrntTemp:DWORD, int_PrevDlmterPos:DWORD, offset_File_TempReadings:DWORD, int_LenMatrix:DWORD, int_WidthMatrix:DWORD

 0000005C  55		   *	    push   ebp
 0000005D  8B EC	   *	    mov    ebp, esp
 0000005F  81 C4 FFFFFCB4  *	    add    esp, 0FFFFFCB4h
 00000065  50			    PUSH	EAX
 00000066  53			    PUSH	EBX
 00000067  51			    PUSH	ECX
 00000068  52			    PUSH	EDX
 00000069  56			    PUSH	ESI
 0000006A  57			    PUSH	EDI


				    ; Stack Layout:
				    ; [EBP + 8] = OFFSET file_TempReadings
				    ; [EBP + 4] = return address
				    ; [EBP] = old ebp

				    ; move parameter to local variable
 0000006B  8B 45 08		    MOV     EAX, [EBP + 8]
 0000006E  89 85 FFFFFCBC	    MOV     offset_File_TempReadings, EAX

 00000074  8B 95 FFFFFCBC	    MOV     EDX, offset_File_TempReadings
 0000007A  E8 00000000 E	    CALL    CrLf
 0000007F  E8 00000000 E	    CALL    WriteString


				    ;==================================================================
				    ; Initialize Temp Matrix with value 1
 00000084  B9 000000C8		    MOV ECX, LENGTHOF arr_TempMatrix                                  ; Loop counter (300 elements)
 00000089  8D BD FFFFFCE0	    LEA EDI, arr_TempMatrix                         ; Load address of the array into EDI
 0000008F  B8 00000001		    MOV EAX, 1                                      ; Value to initialize (1)

				    ; Loop to initialize Temp Matrix
 00000094			    _InitLoop:
 00000094  89 07		        MOV DWORD PTR [EDI], EAX                        ; Store 1 at current position
 00000096  83 C7 04		        ADD EDI, 4                                      ; Move to the next DWORD (4 bytes)
 00000099  E2 F9		        LOOP _InitLoop                                   ; Decrement ECX, loop if not zero


 0000009B  B9 000000C8		        MOV ECX, LENGTHOF arr_TempMatrix  ; Reset loop counter
 000000A0  8D B5 FFFFFCE0	    LEA ESI, arr_TempMatrix           ; Load base address of array

				    ; Print array
				    ;_PrintLoop:
				    ;    MOV EAX, DWORD PTR [ESI]          ; Load current array value
				    ;    CALL WriteDec                      ; Print number
				    ;    MOV AL, ' '
				    ;    CALL WriteChar

				    ;    ADD ESI, TYPE arr_TempMatrix       ; Move to next DWORD
				    ;    LOOP _PrintLoop                    ; Repeat until ECX = 0


				    ;==================================================================
				    ; Get Matrix Size
 000000A6  8D 85 FFFFFCB4	    LEA     EAX, int_WidthMatrix
 000000AC  50			    PUSH    EAX
 000000AD  8D 85 FFFFFCB8	    LEA     EAX, int_LenMatrix
 000000B3  50			    PUSH    EAX
 000000B4  FF B5 FFFFFCBC	    PUSH    offset_File_TempReadings
 000000BA  E8 0000003E		    CALL    get_MatrixSize

 000000BF  E8 00000000 E	    CALL    CrLf
 000000C4  BA 00000494 R	    MOV     EDX, OFFSET str_MsgNumberofRows
 000000C9  E8 00000000 E	    CALL    WriteString
 000000CE  8B 85 FFFFFCB8	    MOV     EAX, int_LenMatrix
 000000D4  E8 00000000 E	    CALL    WriteDec

 000000D9  E8 00000000 E	    CALL    CrLf
 000000DE  BA 000004A9 R	    MOV     EDX, OFFSET str_MsgNumberofColumns
 000000E3  E8 00000000 E	    CALL    WriteString
 000000E8  8B 85 FFFFFCB4	    MOV     EAX, int_WidthMatrix
 000000EE  E8 00000000 E	    CALL    WriteDec



				    ;MOV     EAX, int_LenMatrix
				    ;CALL    CrLf
				    ;CALL    WriteDec

				    ;MOV     EAX, int_WidthMatrix
				    ;CALL    CrLf
				    ;CALL    WriteDec
				    

 000000F3  5F			    POP	    EDI
 000000F4  5E			    POP 	ESI
 000000F5  5A			    POP	    EDX
 000000F6  59			    POP	    ECX
 000000F7  5B			    POP 	EBX
 000000F8  58			    POP	    EAX
 000000F9  C9		   *	    leave  
 000000FA  C2 0004		    RET     4

 000000FD			ParseTempsFromString ENDP
Proj6_pereze4.asm(220) : warning A6004:procedure argument or local not referenced : str_CurntTemp
Proj6_pereze4.asm(220) : warning A6004:procedure argument or local not referenced : int_Len_Str_CrntTemp
Proj6_pereze4.asm(220) : warning A6004:procedure argument or local not referenced : int_Sign
Proj6_pereze4.asm(220) : warning A6004:procedure argument or local not referenced : int_RowIndex
Proj6_pereze4.asm(220) : warning A6004:procedure argument or local not referenced : int_ColIndex
Proj6_pereze4.asm(220) : warning A6004:procedure argument or local not referenced : int_CrntTemp
Proj6_pereze4.asm(220) : warning A6004:procedure argument or local not referenced : int_PrevDlmterPos



				; ==========================================================================================================================
				; Gathers the Length and Width og the matrix
				; receives: Address of the buffered file, offset of the matrix Length and Width placeholder
				; returns:
				; preconditions: passed address offsets
				; postconditions: values saved in memory
				; registers changed: none
				; ==========================================================================================================================
 000000FD			get_MatrixSize PROC

				    LOCAL int_NumRows:DWORD
				    LOCAL int_NumCols:DWORD
				    LOCAL offset_File_TempReadings:DWORD
				    LOCAL rowHasData:BYTE

 000000FD  55		   *	    push   ebp
 000000FE  8B EC	   *	    mov    ebp, esp
 00000100  83 C4 F0	   *	    add    esp, 0FFFFFFF0h
 00000103  50			    PUSH    EAX
 00000104  53			    PUSH    EBX
 00000105  51			    PUSH    ECX
 00000106  52			    PUSH    EDX
 00000107  56			    PUSH    ESI
 00000108  57			    PUSH    EDI

				    ; Load file address into ESI
 00000109  8B 45 08		    MOV     EAX, [EBP + 8]
 0000010C  89 45 F4		    MOV     offset_File_TempReadings, EAX
 0000010F  8B 75 F4		    MOV     ESI, offset_File_TempReadings

				    ; Initialize counters and flag
 00000112  C7 45 FC		    MOV     int_NumRows, 0
	   00000000
 00000119  C7 45 F8		    MOV     int_NumCols, 0        ; Column count is based on delimiters (+ 1 if non-empty)
	   00000000
 00000120  C6 45 F3 00		    MOV     rowHasData, 0

				    ; ----------------------------------------------------------------
				    ; Process the first row: count columns and check for non-empty line
 00000124			    _countCols:
 00000124  AC			        LODSB                               ; Load next byte from [ESI] into AL and increment ESI
 00000125  8A D8		        MOV     BL, AL                       ; Save the character in BL

 00000127  80 FB 00		        CMP     BL, 0                       ; End-of-file?
 0000012A  74 49		        JE      _end_Get_MatrixSize

 0000012C  80 FB 0D		        CMP     BL, 0Dh                     ; Skip CR (Carriage Return)
 0000012F  74 F3		        JE      _countCols

 00000131  80 FB 0A		        CMP     BL, 0Ah                     ; LF indicates end-of-line
 00000134  74 10		        JE      _finishFirstRow

				        ; Non CR/LF character: mark the row as non-empty
 00000136  C6 45 F3 01		        MOV     rowHasData, 1

 0000013A  80 FB 3B		        CMP     BL, DELIMITER                     ; Check for delimiter
 0000013D  75 03		        JNE     _continueCols
 0000013F  FF 45 F8		        INC     int_NumCols

				    ; Jump here if encountered delimiter
 00000142			    _continueCols:
 00000142  8A C3		        MOV     AL, BL
 00000144  EB DE		        JMP     _countCols

				    ; At the end of the first row, count it if it contains data.
 00000146			    _finishFirstRow:

 00000146  80 7D F3 01		    CMP     rowHasData, 1
 0000014A  75 03		    JNE     _skipFirstRow
 0000014C  FF 45 FC		    INC     int_NumRows

				    ; Assume file has at least one row
 0000014F			    _skipFirstRow:
 0000014F  C6 45 F3 00		        MOV     rowHasData, 0               ; Reset flag for next row


				    ; Process subsequent rows
 00000153			    _countRows:
 00000153  AC			        LODSB                               ; Load next byte
 00000154  3C 00		        CMP     AL, 0                       ; End-of-file?
 00000156  74 1D		        JE      _end_Get_MatrixSize
 00000158  3C 0D		        CMP     AL, 0Dh                     ; Skip CR (Carriage Return)
 0000015A  74 F7		        JE      _countRows
 0000015C  3C 0A		        CMP     AL, 0Ah                     ; LF indicates end-of-line
 0000015E  74 06		        JE      _endOfRow
				        ; Non CR/LF character: mark the row as non-empty
 00000160  C6 45 F3 01		        MOV     rowHasData, 1
 00000164  EB ED		        JMP     _countRows

				    ; At the end of a row, count it if it contains data.
 00000166			    _endOfRow:
 00000166  80 7D F3 01		    CMP     rowHasData, 1
 0000016A  75 03		    JNE     _resetRow
 0000016C  FF 45 FC		    INC     int_NumRows

				    ; Reset flag for the next row
 0000016F			    _resetRow:
 0000016F  C6 45 F3 00		        MOV     rowHasData, 0       
 00000173  EB DE		        JMP     _countRows

				     
				     ; Calculations done. Store matrix size info
 00000175			    _end_Get_MatrixSize:
 00000175  80 7D F3 01		    CMP     rowHasData, 1
 00000179  74 1A		    JE      _addFinalRow

				    ; Store the row and column counts in the provided output addresses.
 0000017B			    _storeCounts:

 0000017B  8B 45 FC		    MOV     EAX, int_NumRows
 0000017E  8B 7D 0C		    MOV     EDI, [EBP + 12]
 00000181  89 07		    MOV     DWORD PTR [EDI], EAX

 00000183  8B 45 F8		    MOV     EAX, int_NumCols
 00000186  8B 7D 10		    MOV     EDI, [EBP + 16]
 00000189  89 07		    MOV     DWORD PTR [EDI], EAX

 0000018B  5F			    POP     EDI
 0000018C  5E			    POP     ESI
 0000018D  5A			    POP     EDX
 0000018E  59			    POP     ECX
 0000018F  5B			    POP     EBX
 00000190  58			    POP     EAX
 00000191  C9		   *	    leave  
 00000192  C2 000C		    RET     12

				    ; add final row to the count. 
 00000195			    _addFinalRow:
 00000195  FF 45 FC		        INC     int_NumRows
 00000198  EB E1		        JMP     _storeCounts

 0000019A			get_MatrixSize ENDP


				END main
Microsoft (R) Macro Assembler Version 14.29.30158.0	    03/14/25 06:09:21
*Temp List Reverser     (Proj6_pereze4.asm		     Symbols 2 - 1




Macros:

                N a m e                 Type

mDisplayChar . . . . . . . . . .	Proc
mDisplayString . . . . . . . . .	Proc
mGetString . . . . . . . . . . .	Proc


Structures and Unions:

                N a m e                  Size
                                         Offset      Type

CONSOLE_CURSOR_INFO  . . . . . .	 00000008
  dwSize . . . . . . . . . . . .	 00000000	 DWord
  bVisible . . . . . . . . . . .	 00000004	 DWord
CONSOLE_SCREEN_BUFFER_INFO . . .	 00000016
  dwSize . . . . . . . . . . . .	 00000000	 DWord
  dwCursorPosition . . . . . . .	 00000004	 DWord
  wAttributes  . . . . . . . . .	 00000008	 Word
  srWindow . . . . . . . . . . .	 0000000A	 QWord
  dwMaximumWindowSize  . . . . .	 00000012	 DWord
COORD  . . . . . . . . . . . . .	 00000004
  X  . . . . . . . . . . . . . .	 00000000	 Word
  Y  . . . . . . . . . . . . . .	 00000002	 Word
FILETIME . . . . . . . . . . . .	 00000008
  loDateTime . . . . . . . . . .	 00000000	 DWord
  hiDateTime . . . . . . . . . .	 00000004	 DWord
FOCUS_EVENT_RECORD . . . . . . .	 00000004
  bSetFocus  . . . . . . . . . .	 00000000	 DWord
FPU_ENVIRON  . . . . . . . . . .	 0000001C
  controlWord  . . . . . . . . .	 00000000	 Word
  statusWord . . . . . . . . . .	 00000004	 Word
  tagWord  . . . . . . . . . . .	 00000008	 Word
  instrPointerOffset . . . . . .	 0000000C	 DWord
  instrPointerSelector . . . . .	 00000010	 DWord
  operandPointerOffset . . . . .	 00000014	 DWord
  operandPointerSelector . . . .	 00000018	 Word
INPUT_RECORD . . . . . . . . . .	 00000014
  EventType  . . . . . . . . . .	 00000000	 Word
  Event  . . . . . . . . . . . .	 00000004	 XmmWord
  bKeyDown . . . . . . . . . . .	 00000000	 DWord
  wRepeatCount . . . . . . . . .	 00000004	 Word
  wVirtualKeyCode  . . . . . . .	 00000006	 Word
  wVirtualScanCode . . . . . . .	 00000008	 Word
  uChar  . . . . . . . . . . . .	 0000000A	 Word
  UnicodeChar  . . . . . . . . .	 00000000	 Word
  AsciiChar  . . . . . . . . . .	 00000000	 Byte
  dwControlKeyState  . . . . . .	 0000000C	 DWord
  dwMousePosition  . . . . . . .	 00000000	 DWord
  dwButtonState  . . . . . . . .	 00000004	 DWord
  dwMouseControlKeyState . . . .	 00000008	 DWord
  dwEventFlags . . . . . . . . .	 0000000C	 DWord
  dwSize . . . . . . . . . . . .	 00000000	 DWord
  dwCommandId  . . . . . . . . .	 00000000	 DWord
  bSetFocus  . . . . . . . . . .	 00000000	 DWord
KEY_EVENT_RECORD . . . . . . . .	 00000010
  bKeyDown . . . . . . . . . . .	 00000000	 DWord
  wRepeatCount . . . . . . . . .	 00000004	 Word
  wVirtualKeyCode  . . . . . . .	 00000006	 Word
  wVirtualScanCode . . . . . . .	 00000008	 Word
  uChar  . . . . . . . . . . . .	 0000000A	 Word
  UnicodeChar  . . . . . . . . .	 00000000	 Word
  AsciiChar  . . . . . . . . . .	 00000000	 Byte
  dwControlKeyState  . . . . . .	 0000000C	 DWord
MENU_EVENT_RECORD  . . . . . . .	 00000004
  dwCommandId  . . . . . . . . .	 00000000	 DWord
MOUSE_EVENT_RECORD . . . . . . .	 00000010
  dwMousePosition  . . . . . . .	 00000000	 DWord
  dwButtonState  . . . . . . . .	 00000004	 DWord
  dwMouseControlKeyState . . . .	 00000008	 DWord
  dwEventFlags . . . . . . . . .	 0000000C	 DWord
SMALL_RECT . . . . . . . . . . .	 00000008
  Left . . . . . . . . . . . . .	 00000000	 Word
  Top  . . . . . . . . . . . . .	 00000002	 Word
  Right  . . . . . . . . . . . .	 00000004	 Word
  Bottom . . . . . . . . . . . .	 00000006	 Word
SYSTEMTIME . . . . . . . . . . .	 00000010
  wYear  . . . . . . . . . . . .	 00000000	 Word
  wMonth . . . . . . . . . . . .	 00000002	 Word
  wDayOfWeek . . . . . . . . . .	 00000004	 Word
  wDay . . . . . . . . . . . . .	 00000006	 Word
  wHour  . . . . . . . . . . . .	 00000008	 Word
  wMinute  . . . . . . . . . . .	 0000000A	 Word
  wSecond  . . . . . . . . . . .	 0000000C	 Word
  wMilliseconds  . . . . . . . .	 0000000E	 Word
WINDOW_BUFFER_SIZE_RECORD  . . .	 00000004
  dwSize . . . . . . . . . . . .	 00000000	 DWord


Segments and Groups:

                N a m e                 Size     Length   Align   Combine Class

FLAT . . . . . . . . . . . . . .	GROUP
STACK  . . . . . . . . . . . . .	32 Bit	 00001000 Para	  Stack	  'STACK'	 
_DATA  . . . . . . . . . . . . .	32 Bit	 000004C1 Para	  Public  'DATA'	
_TEXT  . . . . . . . . . . . . .	32 Bit	 0000019A Para	  Public  'CODE'	


Procedures, parameters, and locals:

                N a m e                 Type     Value    Attr

CloseFile  . . . . . . . . . . .	P Near	 00000000 FLAT	Length= 00000000 External STDCALL
CloseHandle  . . . . . . . . . .	P Near	 00000000 FLAT	Length= 00000000 External STDCALL
Clrscr . . . . . . . . . . . . .	P Near	 00000000 FLAT	Length= 00000000 External STDCALL
CreateFileA  . . . . . . . . . .	P Near	 00000000 FLAT	Length= 00000000 External STDCALL
CreateOutputFile . . . . . . . .	P Near	 00000000 FLAT	Length= 00000000 External STDCALL
Crlf . . . . . . . . . . . . . .	P Near	 00000000 FLAT	Length= 00000000 External STDCALL
Delay  . . . . . . . . . . . . .	P Near	 00000000 FLAT	Length= 00000000 External STDCALL
DumpMem  . . . . . . . . . . . .	P Near	 00000000 FLAT	Length= 00000000 External STDCALL
DumpRegs . . . . . . . . . . . .	P Near	 00000000 FLAT	Length= 00000000 External STDCALL
ExitProcess  . . . . . . . . . .	P Near	 00000000 FLAT	Length= 00000000 External STDCALL
FileTimeToDosDateTime  . . . . .	P Near	 00000000 FLAT	Length= 00000000 External STDCALL
FileTimeToSystemTime . . . . . .	P Near	 00000000 FLAT	Length= 00000000 External STDCALL
FlushConsoleInputBuffer  . . . .	P Near	 00000000 FLAT	Length= 00000000 External STDCALL
FormatMessageA . . . . . . . . .	P Near	 00000000 FLAT	Length= 00000000 External STDCALL
GetCommandLineA  . . . . . . . .	P Near	 00000000 FLAT	Length= 00000000 External STDCALL
GetCommandTail . . . . . . . . .	P Near	 00000000 FLAT	Length= 00000000 External STDCALL
GetConsoleCP . . . . . . . . . .	P Near	 00000000 FLAT	Length= 00000000 External STDCALL
GetConsoleCursorInfo . . . . . .	P Near	 00000000 FLAT	Length= 00000000 External STDCALL
GetConsoleMode . . . . . . . . .	P Near	 00000000 FLAT	Length= 00000000 External STDCALL
GetConsoleScreenBufferInfo . . .	P Near	 00000000 FLAT	Length= 00000000 External STDCALL
GetDateTime  . . . . . . . . . .	P Near	 00000000 FLAT	Length= 00000000 External STDCALL
GetFileTime  . . . . . . . . . .	P Near	 00000000 FLAT	Length= 00000000 External STDCALL
GetKeyState  . . . . . . . . . .	P Near	 00000000 FLAT	Length= 00000000 External STDCALL
GetLastError . . . . . . . . . .	P Near	 00000000 FLAT	Length= 00000000 External STDCALL
GetLocalTime . . . . . . . . . .	P Near	 00000000 FLAT	Length= 00000000 External STDCALL
GetMaxXY . . . . . . . . . . . .	P Near	 00000000 FLAT	Length= 00000000 External STDCALL
GetMseconds  . . . . . . . . . .	P Near	 00000000 FLAT	Length= 00000000 External STDCALL
GetNumberOfConsoleInputEvents  .	P Near	 00000000 FLAT	Length= 00000000 External STDCALL
GetProcessHeap . . . . . . . . .	P Near	 00000000 FLAT	Length= 00000000 External STDCALL
GetStdHandle . . . . . . . . . .	P Near	 00000000 FLAT	Length= 00000000 External STDCALL
GetSystemTime  . . . . . . . . .	P Near	 00000000 FLAT	Length= 00000000 External STDCALL
GetTextColor . . . . . . . . . .	P Near	 00000000 FLAT	Length= 00000000 External STDCALL
GetTickCount . . . . . . . . . .	P Near	 00000000 FLAT	Length= 00000000 External STDCALL
Gotoxy . . . . . . . . . . . . .	P Near	 00000000 FLAT	Length= 00000000 External STDCALL
HeapAlloc  . . . . . . . . . . .	P Near	 00000000 FLAT	Length= 00000000 External STDCALL
HeapCreate . . . . . . . . . . .	P Near	 00000000 FLAT	Length= 00000000 External STDCALL
HeapDestroy  . . . . . . . . . .	P Near	 00000000 FLAT	Length= 00000000 External STDCALL
HeapFree . . . . . . . . . . . .	P Near	 00000000 FLAT	Length= 00000000 External STDCALL
HeapSize . . . . . . . . . . . .	P Near	 00000000 FLAT	Length= 00000000 External STDCALL
IsDigit  . . . . . . . . . . . .	P Near	 00000000 FLAT	Length= 00000000 External STDCALL
LocalFree  . . . . . . . . . . .	P Near	 00000000 FLAT	Length= 00000000 External STDCALL
MessageBoxA  . . . . . . . . . .	P Near	 00000000 FLAT	Length= 00000000 External STDCALL
MsgBoxAsk  . . . . . . . . . . .	P Near	 00000000 FLAT	Length= 00000000 External STDCALL
MsgBox . . . . . . . . . . . . .	P Near	 00000000 FLAT	Length= 00000000 External STDCALL
OpenInputFile  . . . . . . . . .	P Near	 00000000 FLAT	Length= 00000000 External STDCALL
ParseDecimal32 . . . . . . . . .	P Near	 00000000 FLAT	Length= 00000000 External STDCALL
ParseInteger32 . . . . . . . . .	P Near	 00000000 FLAT	Length= 00000000 External STDCALL
ParseTempsFromString . . . . . .	P Near	 0000005C _TEXT	Length= 000000A1 Public STDCALL
  arr_TempMatrix . . . . . . . .	DWord	 bp - 00000320
  str_CurntTemp  . . . . . . . .	Byte	 bp - 00000325
  int_Len_Str_CrntTemp . . . . .	DWord	 bp - 0000032C
  int_Sign . . . . . . . . . . .	DWord	 bp - 00000330
  int_RowIndex . . . . . . . . .	DWord	 bp - 00000334
  int_ColIndex . . . . . . . . .	DWord	 bp - 00000338
  int_CrntTemp . . . . . . . . .	DWord	 bp - 0000033C
  int_PrevDlmterPos  . . . . . .	DWord	 bp - 00000340
  offset_File_TempReadings . . .	DWord	 bp - 00000344
  int_LenMatrix  . . . . . . . .	DWord	 bp - 00000348
  int_WidthMatrix  . . . . . . .	DWord	 bp - 0000034C
  _InitLoop  . . . . . . . . . .	L Near	 00000094 _TEXT	
PeekConsoleInputA  . . . . . . .	P Near	 00000000 FLAT	Length= 00000000 External STDCALL
Random32 . . . . . . . . . . . .	P Near	 00000000 FLAT	Length= 00000000 External STDCALL
RandomRange  . . . . . . . . . .	P Near	 00000000 FLAT	Length= 00000000 External STDCALL
Randomize  . . . . . . . . . . .	P Near	 00000000 FLAT	Length= 00000000 External STDCALL
ReadChar . . . . . . . . . . . .	P Near	 00000000 FLAT	Length= 00000000 External STDCALL
ReadConsoleA . . . . . . . . . .	P Near	 00000000 FLAT	Length= 00000000 External STDCALL
ReadConsoleInputA  . . . . . . .	P Near	 00000000 FLAT	Length= 00000000 External STDCALL
ReadDec  . . . . . . . . . . . .	P Near	 00000000 FLAT	Length= 00000000 External STDCALL
ReadFile . . . . . . . . . . . .	P Near	 00000000 FLAT	Length= 00000000 External STDCALL
ReadFloat  . . . . . . . . . . .	P Near	 00000000 FLAT	Length= 00000000 External STDCALL
ReadFromFile . . . . . . . . . .	P Near	 00000000 FLAT	Length= 00000000 External STDCALL
ReadHex  . . . . . . . . . . . .	P Near	 00000000 FLAT	Length= 00000000 External STDCALL
ReadInt  . . . . . . . . . . . .	P Near	 00000000 FLAT	Length= 00000000 External STDCALL
ReadKeyFlush . . . . . . . . . .	P Near	 00000000 FLAT	Length= 00000000 External STDCALL
ReadKey  . . . . . . . . . . . .	P Near	 00000000 FLAT	Length= 00000000 External STDCALL
ReadString . . . . . . . . . . .	P Near	 00000000 FLAT	Length= 00000000 External STDCALL
SetConsoleCursorInfo . . . . . .	P Near	 00000000 FLAT	Length= 00000000 External STDCALL
SetConsoleCursorPosition . . . .	P Near	 00000000 FLAT	Length= 00000000 External STDCALL
SetConsoleMode . . . . . . . . .	P Near	 00000000 FLAT	Length= 00000000 External STDCALL
SetConsoleScreenBufferSize . . .	P Near	 00000000 FLAT	Length= 00000000 External STDCALL
SetConsoleTextAttribute  . . . .	P Near	 00000000 FLAT	Length= 00000000 External STDCALL
SetConsoleTitleA . . . . . . . .	P Near	 00000000 FLAT	Length= 00000000 External STDCALL
SetConsoleWindowInfo . . . . . .	P Near	 00000000 FLAT	Length= 00000000 External STDCALL
SetFilePointer . . . . . . . . .	P Near	 00000000 FLAT	Length= 00000000 External STDCALL
SetLocalTime . . . . . . . . . .	P Near	 00000000 FLAT	Length= 00000000 External STDCALL
SetTextColor . . . . . . . . . .	P Near	 00000000 FLAT	Length= 00000000 External STDCALL
ShowFPUStack . . . . . . . . . .	P Near	 00000000 FLAT	Length= 00000000 External STDCALL
Sleep  . . . . . . . . . . . . .	P Near	 00000000 FLAT	Length= 00000000 External STDCALL
StrLength  . . . . . . . . . . .	P Near	 00000000 FLAT	Length= 00000000 External STDCALL
Str_compare  . . . . . . . . . .	P Near	 00000000 FLAT	Length= 00000000 External STDCALL
Str_copy . . . . . . . . . . . .	P Near	 00000000 FLAT	Length= 00000000 External STDCALL
Str_length . . . . . . . . . . .	P Near	 00000000 FLAT	Length= 00000000 External STDCALL
Str_trim . . . . . . . . . . . .	P Near	 00000000 FLAT	Length= 00000000 External STDCALL
Str_ucase  . . . . . . . . . . .	P Near	 00000000 FLAT	Length= 00000000 External STDCALL
SystemTimeToFileTime . . . . . .	P Near	 00000000 FLAT	Length= 00000000 External STDCALL
WaitMsg  . . . . . . . . . . . .	P Near	 00000000 FLAT	Length= 00000000 External STDCALL
WriteBinB  . . . . . . . . . . .	P Near	 00000000 FLAT	Length= 00000000 External STDCALL
WriteBin . . . . . . . . . . . .	P Near	 00000000 FLAT	Length= 00000000 External STDCALL
WriteChar  . . . . . . . . . . .	P Near	 00000000 FLAT	Length= 00000000 External STDCALL
WriteConsoleA  . . . . . . . . .	P Near	 00000000 FLAT	Length= 00000000 External STDCALL
WriteConsoleOutputAttribute  . .	P Near	 00000000 FLAT	Length= 00000000 External STDCALL
WriteConsoleOutputCharacterA . .	P Near	 00000000 FLAT	Length= 00000000 External STDCALL
WriteDec . . . . . . . . . . . .	P Near	 00000000 FLAT	Length= 00000000 External STDCALL
WriteFile  . . . . . . . . . . .	P Near	 00000000 FLAT	Length= 00000000 External STDCALL
WriteFloat . . . . . . . . . . .	P Near	 00000000 FLAT	Length= 00000000 External STDCALL
WriteHexB  . . . . . . . . . . .	P Near	 00000000 FLAT	Length= 00000000 External STDCALL
WriteHex . . . . . . . . . . . .	P Near	 00000000 FLAT	Length= 00000000 External STDCALL
WriteInt . . . . . . . . . . . .	P Near	 00000000 FLAT	Length= 00000000 External STDCALL
WriteStackFrameName  . . . . . .	P Near	 00000000 FLAT	Length= 00000000 External STDCALL
WriteStackFrame  . . . . . . . .	P Near	 00000000 FLAT	Length= 00000000 External STDCALL
WriteString  . . . . . . . . . .	P Near	 00000000 FLAT	Length= 00000000 External STDCALL
WriteToFile  . . . . . . . . . .	P Near	 00000000 FLAT	Length= 00000000 External STDCALL
WriteWindowsMsg  . . . . . . . .	P Near	 00000000 FLAT	Length= 00000000 External STDCALL
get_MatrixSize . . . . . . . . .	P Near	 000000FD _TEXT	Length= 0000009D Public STDCALL
  int_NumRows  . . . . . . . . .	DWord	 bp - 00000004
  int_NumCols  . . . . . . . . .	DWord	 bp - 00000008
  offset_File_TempReadings . . .	DWord	 bp - 0000000C
  rowHasData . . . . . . . . . .	Byte	 bp - 0000000D
  _countCols . . . . . . . . . .	L Near	 00000124 _TEXT	
  _continueCols  . . . . . . . .	L Near	 00000142 _TEXT	
  _finishFirstRow  . . . . . . .	L Near	 00000146 _TEXT	
  _skipFirstRow  . . . . . . . .	L Near	 0000014F _TEXT	
  _countRows . . . . . . . . . .	L Near	 00000153 _TEXT	
  _endOfRow  . . . . . . . . . .	L Near	 00000166 _TEXT	
  _resetRow  . . . . . . . . . .	L Near	 0000016F _TEXT	
  _end_Get_MatrixSize  . . . . .	L Near	 00000175 _TEXT	
  _storeCounts . . . . . . . . .	L Near	 0000017B _TEXT	
  _addFinalRow . . . . . . . . .	L Near	 00000195 _TEXT	
main . . . . . . . . . . . . . .	P Near	 00000000 _TEXT	Length= 0000005C Public STDCALL
printf . . . . . . . . . . . . .	P Near	 00000000 FLAT	Length= 00000000 External C
scanf  . . . . . . . . . . . . .	P Near	 00000000 FLAT	Length= 00000000 External C
wsprintfA  . . . . . . . . . . .	P Near	 00000000 FLAT	Length= 00000000 External C


Symbols:

                N a m e                 Type     Value    Attr

@CodeSize  . . . . . . . . . . .	Number	 00000000h   
@DataSize  . . . . . . . . . . .	Number	 00000000h   
@Interface . . . . . . . . . . .	Number	 00000003h   
@Model . . . . . . . . . . . . .	Number	 00000007h   
@code  . . . . . . . . . . . . .	Text   	 _TEXT
@data  . . . . . . . . . . . . .	Text   	 FLAT
@fardata?  . . . . . . . . . . .	Text   	 FLAT
@fardata . . . . . . . . . . . .	Text   	 FLAT
@stack . . . . . . . . . . . . .	Text   	 FLAT
ALT_MASK . . . . . . . . . . . .	Number	 00000003h   
CAPSLOCK_ON  . . . . . . . . . .	Number	 00000080h   
CREATE_ALWAYS  . . . . . . . . .	Number	 00000002h   
CREATE_NEW . . . . . . . . . . .	Number	 00000001h   
CTRL_MASK  . . . . . . . . . . .	Number	 0000000Ch   
CreateFile . . . . . . . . . . .	Text   	 CreateFileA
DELIMITER  . . . . . . . . . . .	Number	 0000003Bh   
DO_NOT_SHARE . . . . . . . . . .	Number	 00000000h   
ENABLE_ECHO_INPUT  . . . . . . .	Number	 00000004h   
ENABLE_LINE_INPUT  . . . . . . .	Number	 00000002h   
ENABLE_MOUSE_INPUT . . . . . . .	Number	 00000010h   
ENABLE_PROCESSED_INPUT . . . . .	Number	 00000001h   
ENABLE_PROCESSED_OUTPUT  . . . .	Number	 00000001h   
ENABLE_WINDOW_INPUT  . . . . . .	Number	 00000008h   
ENABLE_WRAP_AT_EOL_OUTPUT  . . .	Number	 00000002h   
ENHANCED_KEY . . . . . . . . . .	Number	 00000100h   
FALSE  . . . . . . . . . . . . .	Number	 00000000h   
FILE_APPEND_DATA . . . . . . . .	Number	 00000004h   
FILE_ATTRIBUTE_ARCHIVE . . . . .	Number	 00000020h   
FILE_ATTRIBUTE_COMPRESSED  . . .	Number	 00000800h   
FILE_ATTRIBUTE_DEVICE  . . . . .	Number	 00000040h   
FILE_ATTRIBUTE_DIRECTORY . . . .	Number	 00000010h   
FILE_ATTRIBUTE_ENCRYPTED . . . .	Number	 00004000h   
FILE_ATTRIBUTE_HIDDEN  . . . . .	Number	 00000002h   
FILE_ATTRIBUTE_NORMAL  . . . . .	Number	 00000080h   
FILE_ATTRIBUTE_NOT_CONTENT_INDEXED .	Number	 00002000h   
FILE_ATTRIBUTE_OFFLINE . . . . .	Number	 00001000h   
FILE_ATTRIBUTE_READONLY  . . . .	Number	 00000001h   
FILE_ATTRIBUTE_REPARSE_POINT . .	Number	 00000400h   
FILE_ATTRIBUTE_SPARSE_FILE . . .	Number	 00000200h   
FILE_ATTRIBUTE_SYSTEM  . . . . .	Number	 00000004h   
FILE_ATTRIBUTE_TEMPORARY . . . .	Number	 00000100h   
FILE_BEGIN . . . . . . . . . . .	Number	 00000000h   
FILE_CURRENT . . . . . . . . . .	Number	 00000001h   
FILE_DELETE_CHILD  . . . . . . .	Number	 00000040h   
FILE_END . . . . . . . . . . . .	Number	 00000002h   
FILE_READ_DATA . . . . . . . . .	Number	 00000001h   
FILE_SHARE_DELETE  . . . . . . .	Number	 00000004h   
FILE_SHARE_READ  . . . . . . . .	Number	 00000001h   
FILE_SHARE_WRITE . . . . . . . .	Number	 00000002h   
FILE_WRITE_DATA  . . . . . . . .	Number	 00000002h   
FOCUS_EVENT  . . . . . . . . . .	Number	 00000010h   
FORMAT_MESSAGE_ALLOCATE_BUFFER .	Number	 00000100h   
FORMAT_MESSAGE_FROM_SYSTEM . . .	Number	 00001000h   
FormatMessage  . . . . . . . . .	Text   	 FormatMessageA
GENERIC_ALL  . . . . . . . . . .	Number	 10000000h   
GENERIC_EXECUTE  . . . . . . . .	Number	 20000000h   
GENERIC_READ . . . . . . . . . .	Number	 -80000000h   
GENERIC_WRITE  . . . . . . . . .	Number	 40000000h   
GetCommandLine . . . . . . . . .	Text   	 GetCommandLineA
HANDLE . . . . . . . . . . . . .	Text   	 DWORD
HEAP_GENERATE_EXCEPTIONS . . . .	Number	 00000004h   
HEAP_GROWABLE  . . . . . . . . .	Number	 00000002h   
HEAP_NO_SERIALIZE  . . . . . . .	Number	 00000001h   
HEAP_REALLOC_IN_PLACE_ONLY . . .	Number	 00000010h   
HEAP_ZERO_MEMORY . . . . . . . .	Number	 00000008h   
IDABORT  . . . . . . . . . . . .	Number	 00000003h   
IDCANCEL . . . . . . . . . . . .	Number	 00000002h   
IDCLOSE  . . . . . . . . . . . .	Number	 00000008h   
IDCONTINUE . . . . . . . . . . .	Number	 0000000Bh   
IDHELP . . . . . . . . . . . . .	Number	 00000009h   
IDIGNORE . . . . . . . . . . . .	Number	 00000005h   
IDNO . . . . . . . . . . . . . .	Number	 00000007h   
IDOK . . . . . . . . . . . . . .	Number	 00000001h   
IDRETRY  . . . . . . . . . . . .	Number	 00000004h   
IDTIMEOUT  . . . . . . . . . . .	Number	 00007D00h   
IDTRYAGAIN . . . . . . . . . . .	Number	 0000000Ah   
IDYES  . . . . . . . . . . . . .	Number	 00000006h   
INVALID_HANDLE_VALUE . . . . . .	Number	 -00000001h   
KBDOWN_FLAG  . . . . . . . . . .	Number	 00000001h   
KEY_EVENT  . . . . . . . . . . .	Number	 00000001h   
KEY_MASKS  . . . . . . . . . . .	Number	 0000001Fh   
LEFT_ALT_PRESSED . . . . . . . .	Number	 00000002h   
LEFT_CTRL_PRESSED  . . . . . . .	Number	 00000008h   
MB_ABORTRETRYIGNORE  . . . . . .	Number	 00000002h   
MB_APPLMODAL . . . . . . . . . .	Number	 00000000h   
MB_CANCELTRYCONTINUE . . . . . .	Number	 00000006h   
MB_DEFBUTTON1  . . . . . . . . .	Number	 00000000h   
MB_DEFBUTTON2  . . . . . . . . .	Number	 00000100h   
MB_DEFBUTTON3  . . . . . . . . .	Number	 00000200h   
MB_DEFBUTTON4  . . . . . . . . .	Number	 00000300h   
MB_HELP  . . . . . . . . . . . .	Number	 00004000h   
MB_ICONASTERISK  . . . . . . . .	Number	 00000040h   
MB_ICONERROR . . . . . . . . . .	Number	 00000010h   
MB_ICONEXCLAMATION . . . . . . .	Number	 00000030h   
MB_ICONHAND  . . . . . . . . . .	Number	 00000010h   
MB_ICONINFORMATION . . . . . . .	Number	 00000040h   
MB_ICONQUESTION  . . . . . . . .	Number	 00000020h   
MB_ICONSTOP  . . . . . . . . . .	Number	 00000010h   
MB_ICONWARNING . . . . . . . . .	Number	 00000030h   
MB_OKCANCEL  . . . . . . . . . .	Number	 00000001h   
MB_OK  . . . . . . . . . . . . .	Number	 00000000h   
MB_RETRYCANCEL . . . . . . . . .	Number	 00000005h   
MB_SYSTEMMODAL . . . . . . . . .	Number	 00001000h   
MB_TASKMODAL . . . . . . . . . .	Number	 00002000h   
MB_USERICON  . . . . . . . . . .	Number	 00000080h   
MB_YESNOCANCEL . . . . . . . . .	Number	 00000003h   
MB_YESNO . . . . . . . . . . . .	Number	 00000004h   
MENU_EVENT . . . . . . . . . . .	Number	 00000008h   
MOUSE_EVENT  . . . . . . . . . .	Number	 00000002h   
MessageBox . . . . . . . . . . .	Text   	 MessageBoxA
NULL . . . . . . . . . . . . . .	Number	 00000000h   
NUMLOCK_ON . . . . . . . . . . .	Number	 00000020h   
OPEN_ALWAYS  . . . . . . . . . .	Number	 00000004h   
OPEN_EXISTING  . . . . . . . . .	Number	 00000003h   
PeekConsoleInput . . . . . . . .	Text   	 PeekConsoleInputA
RIGHT_ALT_PRESSED  . . . . . . .	Number	 00000001h   
RIGHT_CTRL_PRESSED . . . . . . .	Number	 00000004h   
ReadConsoleInput . . . . . . . .	Text   	 ReadConsoleInputA
ReadConsole  . . . . . . . . . .	Text   	 ReadConsoleA
SCROLLLOCK_ON  . . . . . . . . .	Number	 00000040h   
SHIFT_MASK . . . . . . . . . . .	Number	 00000010h   
SHIFT_PRESSED  . . . . . . . . .	Number	 00000010h   
STD_ERROR_HANDLE . . . . . . . .	Number	 -0000000Ch   
STD_INPUT_HANDLE . . . . . . . .	Number	 -0000000Ah   
STD_OUTPUT_HANDLE  . . . . . . .	Number	 -0000000Bh   
SetConsoleTitle  . . . . . . . .	Text   	 SetConsoleTitleA
TAB  . . . . . . . . . . . . . .	Number	 00000009h   
TEMPS_PER_DAY  . . . . . . . . .	Number	 00000018h   
TRUE . . . . . . . . . . . . . .	Number	 00000001h   
TRUNCATE_EXISTING  . . . . . . .	Number	 00000005h   
VK_11  . . . . . . . . . . . . .	Number	 000000BDh   
VK_12  . . . . . . . . . . . . .	Number	 000000BBh   
VK_ADD . . . . . . . . . . . . .	Number	 0000006Bh   
VK_BACK  . . . . . . . . . . . .	Number	 00000008h   
VK_CANCEL  . . . . . . . . . . .	Number	 00000003h   
VK_CAPITAL . . . . . . . . . . .	Number	 00000014h   
VK_CLEAR . . . . . . . . . . . .	Number	 0000000Ch   
VK_CONTROL . . . . . . . . . . .	Number	 00000011h   
VK_DECIMAL . . . . . . . . . . .	Number	 0000006Eh   
VK_DELETE  . . . . . . . . . . .	Number	 0000002Eh   
VK_DIVIDE  . . . . . . . . . . .	Number	 0000006Fh   
VK_DOWN  . . . . . . . . . . . .	Number	 00000028h   
VK_END . . . . . . . . . . . . .	Number	 00000023h   
VK_ESCAPE  . . . . . . . . . . .	Number	 0000001Bh   
VK_EXECUTE . . . . . . . . . . .	Number	 0000002Bh   
VK_F10 . . . . . . . . . . . . .	Number	 00000079h   
VK_F11 . . . . . . . . . . . . .	Number	 0000007Ah   
VK_F12 . . . . . . . . . . . . .	Number	 0000007Bh   
VK_F13 . . . . . . . . . . . . .	Number	 0000007Ch   
VK_F14 . . . . . . . . . . . . .	Number	 0000007Dh   
VK_F15 . . . . . . . . . . . . .	Number	 0000007Eh   
VK_F16 . . . . . . . . . . . . .	Number	 0000007Fh   
VK_F17 . . . . . . . . . . . . .	Number	 00000080h   
VK_F18 . . . . . . . . . . . . .	Number	 00000081h   
VK_F19 . . . . . . . . . . . . .	Number	 00000082h   
VK_F1  . . . . . . . . . . . . .	Number	 00000070h   
VK_F20 . . . . . . . . . . . . .	Number	 00000083h   
VK_F21 . . . . . . . . . . . . .	Number	 00000084h   
VK_F22 . . . . . . . . . . . . .	Number	 00000085h   
VK_F23 . . . . . . . . . . . . .	Number	 00000086h   
VK_F24 . . . . . . . . . . . . .	Number	 00000087h   
VK_F2  . . . . . . . . . . . . .	Number	 00000071h   
VK_F3  . . . . . . . . . . . . .	Number	 00000072h   
VK_F4  . . . . . . . . . . . . .	Number	 00000073h   
VK_F5  . . . . . . . . . . . . .	Number	 00000074h   
VK_F6  . . . . . . . . . . . . .	Number	 00000075h   
VK_F7  . . . . . . . . . . . . .	Number	 00000076h   
VK_F8  . . . . . . . . . . . . .	Number	 00000077h   
VK_F9  . . . . . . . . . . . . .	Number	 00000078h   
VK_HELP  . . . . . . . . . . . .	Number	 0000002Fh   
VK_HOME  . . . . . . . . . . . .	Number	 00000024h   
VK_INSERT  . . . . . . . . . . .	Number	 0000002Dh   
VK_LBUTTON . . . . . . . . . . .	Number	 00000001h   
VK_LCONTROL  . . . . . . . . . .	Number	 000000A2h   
VK_LEFT  . . . . . . . . . . . .	Number	 00000025h   
VK_LMENU . . . . . . . . . . . .	Number	 000000A4h   
VK_LSHIFT  . . . . . . . . . . .	Number	 000000A0h   
VK_MENU  . . . . . . . . . . . .	Number	 00000012h   
VK_MULTIPLY  . . . . . . . . . .	Number	 0000006Ah   
VK_NEXT  . . . . . . . . . . . .	Number	 00000022h   
VK_NUMLOCK . . . . . . . . . . .	Number	 00000090h   
VK_NUMPAD0 . . . . . . . . . . .	Number	 00000060h   
VK_NUMPAD1 . . . . . . . . . . .	Number	 00000061h   
VK_NUMPAD2 . . . . . . . . . . .	Number	 00000062h   
VK_NUMPAD3 . . . . . . . . . . .	Number	 00000063h   
VK_NUMPAD4 . . . . . . . . . . .	Number	 00000064h   
VK_NUMPAD5 . . . . . . . . . . .	Number	 00000065h   
VK_NUMPAD6 . . . . . . . . . . .	Number	 00000066h   
VK_NUMPAD7 . . . . . . . . . . .	Number	 00000067h   
VK_NUMPAD8 . . . . . . . . . . .	Number	 00000068h   
VK_NUMPAD9 . . . . . . . . . . .	Number	 00000069h   
VK_PAUSE . . . . . . . . . . . .	Number	 00000013h   
VK_PRINT . . . . . . . . . . . .	Number	 0000002Ah   
VK_PRIOR . . . . . . . . . . . .	Number	 00000021h   
VK_RBUTTON . . . . . . . . . . .	Number	 00000002h   
VK_RCONTROL  . . . . . . . . . .	Number	 000000A3h   
VK_RETURN  . . . . . . . . . . .	Number	 0000000Dh   
VK_RIGHT . . . . . . . . . . . .	Number	 00000027h   
VK_RMENU . . . . . . . . . . . .	Number	 000000A5h   
VK_RSHIFT  . . . . . . . . . . .	Number	 000000A1h   
VK_SCROLL  . . . . . . . . . . .	Number	 00000091h   
VK_SEPARATER . . . . . . . . . .	Number	 0000006Ch   
VK_SHIFT . . . . . . . . . . . .	Number	 00000010h   
VK_SNAPSHOT  . . . . . . . . . .	Number	 0000002Ch   
VK_SPACE . . . . . . . . . . . .	Number	 00000020h   
VK_SUBTRACT  . . . . . . . . . .	Number	 0000006Dh   
VK_TAB . . . . . . . . . . . . .	Number	 00000009h   
VK_UP  . . . . . . . . . . . . .	Number	 00000026h   
WINDOW_BUFFER_SIZE_EVENT . . . .	Number	 00000004h   
WriteConsoleOutputCharacter  . .	Text   	 WriteConsoleOutputCharacterA
WriteConsole . . . . . . . . . .	Text   	 WriteConsoleA
black  . . . . . . . . . . . . .	Number	 00000000h   
blue . . . . . . . . . . . . . .	Number	 00000001h   
brown  . . . . . . . . . . . . .	Number	 00000006h   
cyan . . . . . . . . . . . . . .	Number	 00000003h   
exit . . . . . . . . . . . . . .	Text   	 INVOKE ExitProcess,0
file_TempReadings  . . . . . . .	Byte	 000000A0 _DATA	
gray . . . . . . . . . . . . . .	Number	 00000008h   
green  . . . . . . . . . . . . .	Number	 00000002h   
int_BufferSizeFileName . . . . .	DWord	 00000488 _DATA	
int_BufferSizeTemperatureFile  .	DWord	 00000490 _DATA	
int_LenNameOfFile  . . . . . . .	DWord	 0000048C _DATA	
lightBlue  . . . . . . . . . . .	Number	 00000009h   
lightCyan  . . . . . . . . . . .	Number	 0000000Bh   
lightGray  . . . . . . . . . . .	Number	 00000007h   
lightGreen . . . . . . . . . . .	Number	 0000000Ah   
lightMagenta . . . . . . . . . .	Number	 0000000Dh   
lightRed . . . . . . . . . . . .	Number	 0000000Ch   
magenta  . . . . . . . . . . . .	Number	 00000005h   
red  . . . . . . . . . . . . . .	Number	 00000004h   
str_MsgNumberofColumns . . . . .	Byte	 000004A9 _DATA	
str_MsgNumberofRows  . . . . . .	Byte	 00000494 _DATA	
str_MsgPromptFileName  . . . . .	Byte	 00000000 _DATA	
str_NameOfFile . . . . . . . . .	Byte	 0000003C _DATA	
white  . . . . . . . . . . . . .	Number	 0000000Fh   
wsprintf . . . . . . . . . . . .	Text   	 wsprintfA
yellow . . . . . . . . . . . . .	Number	 0000000Eh   

	   7 Warnings
	   0 Errors
